0.00
  0  0.000e+00    0.000e+00    0.000e+00    3.000e+04
  1  1.000e+05    0.000e+00    0.000e+00   -3.000e+04
  2  2.000e+05    0.000e+00    0.000e+00    3.000e+04
  3  3.000e+05    0.000e+00    0.000e+00   -3.000e+04
  4  4.000e+05    0.000e+00    0.000e+00    3.000e+04
  5  5.000e+05    0.000e+00    0.000e+00   -3.000e+04
  6  6.000e+05    0.000e+00    0.000e+00    3.000e+04
  7  7.000e+05    0.000e+00    0.000e+00   -3.000e+04
  8  8.000e+05    0.000e+00    0.000e+00    3.000e+04
  9  9.000e+05    0.000e+00    0.000e+00   -3.000e+04
 10  1.000e+06    0.000e+00    0.000e+00    3.000e+04
 11  1.100e+06    0.000e+00    0.000e+00   -3.000e+04
 12  1.200e+06    0.000e+00    0.000e+00    3.000e+04
 13  1.300e+06    0.000e+00    0.000e+00   -3.000e+04
 14  1.400e+06    0.000e+00    0.000e+00    3.000e+04
 15  1.500e+06    0.000e+00    0.000e+00   -3.000e+04

0.05
  0  5.273e+01    1.500e+03    2.636e+03    2.998e+04
  1  1.000e+05   -1.500e+03    9.607e+02   -2.996e+04
  2  2.000e+05    1.500e+03    5.353e+02    2.996e+04
  3  3.000e+05   -1.500e+03    3.401e+02   -2.996e+04
  4  4.000e+05    1.500e+03    2.242e+02    2.996e+04
  5  5.000e+05   -1.500e+03    1.437e+02   -2.996e+04
  6  6.000e+05    1.500e+03    8.070e+01    2.996e+04
  7  7.000e+05   -1.500e+03    2.607e+01   -2.996e+04
  8  8.000e+05    1.500e+03   -2.607e+01    2.996e+04
  9  9.000e+05   -1.500e+03   -8.070e+01   -2.996e+04
 10  1.000e+06    1.500e+03   -1.437e+02    2.996e+04
 11  1.100e+06   -1.500e+03   -2.242e+02   -2.996e+04
 12  1.200e+06    1.500e+03   -3.401e+02    2.996e+04
 13  1.300e+06   -1.500e+03   -5.353e+02   -2.996e+04
 14  1.400e+06    1.500e+03   -9.607e+02    2.996e+04
 15  1.500e+06   -1.500e+03   -2.636e+03   -2.998e+04

0.10
  0  2.373e+02    2.997e+03    5.271e+03    2.991e+04
  1  1.001e+05   -2.995e+03    1.920e+03   -2.982e+04
  2  2.000e+05    2.995e+03    1.070e+03    2.982e+04
  3  3.000e+05   -2.995e+03    6.799e+02   -2.981e+04
  4  4.000e+05    2.995e+03    4.483e+02    2.981e+04
  5  5.000e+05   -2.995e+03    2.874e+02   -2.981e+04
  6  6.000e+05    2.995e+03    1.614e+02    2.981e+04
  7  7.000e+05   -2.995e+03    5.212e+01   -2.981e+04
  8  8.000e+05    2.995e+03   -5.212e+01    2.981e+04
  9  9.000e+05   -2.995e+03   -1.614e+02   -2.981e+04
 10  1.000e+06    2.995e+03   -2.874e+02    2.981e+04
 11  1.100e+06   -2.995e+03   -4.483e+02   -2.981e+04
 12  1.200e+06    2.995e+03   -6.799e+02    2.981e+04
 13  1.300e+06   -2.995e+03   -1.070e+03   -2.982e+04
 14  1.400e+06    2.995e+03   -1.920e+03    2.982e+04
 15  1.500e+06   -2.997e+03   -5.271e+03   -2.991e+04

0.15
  0  5.535e+02    4.490e+03    7.904e+03    2.978e+04
  1  1.002e+05   -4.481e+03    2.876e+03   -2.957e+04
  2  2.001e+05    4.481e+03    1.603e+03    2.957e+04
  3  3.001e+05   -4.481e+03    1.019e+03   -2.956e+04
  4  4.000e+05    4.481e+03    6.721e+02    2.956e+04
  5  5.000e+05   -4.481e+03    4.309e+02   -2.956e+04
  6  6.000e+05    4.481e+03    2.419e+02    2.956e+04
  7  7.000e+05   -4.481e+03    7.815e+01   -2.956e+04
  8  8.000e+05    4.481e+03   -7.815e+01    2.956e+04
  9  9.000e+05   -4.481e+03   -2.419e+02   -2.956e+04
 10  1.000e+06    4.481e+03   -4.309e+02    2.956e+04
 11  1.100e+06   -4.481e+03   -6.721e+02   -2.956e+04
 12  1.200e+06    4.481e+03   -1.019e+03    2.956e+04
 13  1.300e+06   -4.481e+03   -1.603e+03   -2.957e+04
 14  1.400e+06    4.481e+03   -2.876e+03    2.957e+04
 15  1.499e+06   -4.490e+03   -7.904e+03   -2.978e+04

0.20
  0  1.001e+03    5.976e+03    1.053e+04    2.960e+04
  1  1.004e+05   -5.953e+03    3.827e+03   -2.923e+04
  2  2.002e+05    5.954e+03    2.134e+03    2.923e+04
  3  3.001e+05   -5.953e+03    1.357e+03   -2.922e+04
  4  4.001e+05    5.953e+03    8.954e+02    2.922e+04
  5  5.001e+05   -5.953e+03    5.741e+02   -2.921e+04
  6  6.000e+05    5.953e+03    3.224e+02    2.921e+04
  7  7.000e+05   -5.953e+03    1.041e+02   -2.921e+04
  8  8.000e+05    5.953e+03   -1.041e+02    2.921e+04
  9  9.000e+05   -5.953e+03   -3.224e+02   -2.921e+04
 10  9.999e+05    5.953e+03   -5.741e+02    2.921e+04
 11  1.100e+06   -5.953e+03   -8.954e+02   -2.922e+04
 12  1.200e+06    5.953e+03   -1.357e+03    2.922e+04
 13  1.300e+06   -5.954e+03   -2.134e+03   -2.923e+04
 14  1.400e+06    5.953e+03   -3.827e+03    2.923e+04
 15  1.499e+06   -5.976e+03   -1.053e+04   -2.960e+04

Elapsed time = 1.696686e-03 seconds
