0.00
  0  0.000e+00    0.000e+00    0.000e+00    3.000e+04
  1  1.000e+05    0.000e+00    0.000e+00   -3.000e+04
  2  2.000e+05    0.000e+00    0.000e+00    3.000e+04
  3  3.000e+05    0.000e+00    0.000e+00   -3.000e+04
  4  4.000e+05    0.000e+00    0.000e+00    3.000e+04
  5  5.000e+05    0.000e+00    0.000e+00   -3.000e+04
  6  6.000e+05    0.000e+00    0.000e+00    3.000e+04
  7  7.000e+05    0.000e+00    0.000e+00   -3.000e+04

0.01
  0  0.000e+00    3.000e+02    5.044e+02    3.000e+04
  1  1.000e+05   -3.000e+02    1.640e+02   -3.000e+04
  2  2.000e+05    3.000e+02    7.127e+01    3.000e+04
  3  3.000e+05   -3.000e+02    2.085e+01   -3.000e+04
  4  4.000e+05    3.000e+02   -2.085e+01    3.000e+04
  5  5.000e+05   -3.000e+02   -7.127e+01   -3.000e+04
  6  6.000e+05    3.000e+02   -1.640e+02    3.000e+04
  7  7.000e+05   -3.000e+02   -5.044e+02   -3.000e+04

0.02
  0  5.044e+00    6.000e+02    1.009e+03    3.000e+04
  1  1.000e+05   -6.000e+02    3.279e+02   -3.000e+04
  2  2.000e+05    6.000e+02    1.425e+02    3.000e+04
  3  3.000e+05   -6.000e+02    4.171e+01   -3.000e+04
  4  4.000e+05    6.000e+02   -4.171e+01    3.000e+04
  5  5.000e+05   -6.000e+02   -1.425e+02   -3.000e+04
  6  6.000e+05    6.000e+02   -3.279e+02    3.000e+04
  7  7.000e+05   -6.000e+02   -1.009e+03   -3.000e+04

0.03
  0  1.513e+01    9.000e+02    1.513e+03    2.999e+04
  1  1.000e+05   -9.000e+02    4.918e+02   -2.999e+04
  2  2.000e+05    9.000e+02    2.138e+02    2.999e+04
  3  3.000e+05   -9.000e+02    6.256e+01   -2.999e+04
  4  4.000e+05    9.000e+02   -6.256e+01    2.999e+04
  5  5.000e+05   -9.000e+02   -2.138e+02   -2.999e+04
  6  6.000e+05    9.000e+02   -4.918e+02    2.999e+04
  7  7.000e+05   -9.000e+02   -1.513e+03   -2.999e+04

0.04
  0  3.026e+01    1.200e+03    2.018e+03    2.999e+04
  1  1.000e+05   -1.200e+03    6.557e+02   -2.998e+04
  2  2.000e+05    1.200e+03    2.851e+02    2.998e+04
  3  3.000e+05   -1.200e+03    8.341e+01   -2.998e+04
  4  4.000e+05    1.200e+03   -8.341e+01    2.998e+04
  5  5.000e+05   -1.200e+03   -2.851e+02   -2.998e+04
  6  6.000e+05    1.200e+03   -6.557e+02    2.998e+04
  7  7.000e+05   -1.200e+03   -2.018e+03   -2.999e+04

0.05
  0  5.044e+01    1.500e+03    2.522e+03    2.998e+04
  1  1.000e+05   -1.500e+03    8.196e+02   -2.996e+04
  2  2.000e+05    1.500e+03    3.563e+02    2.996e+04
  3  3.000e+05   -1.500e+03    1.043e+02   -2.996e+04
  4  4.000e+05    1.500e+03   -1.043e+02    2.996e+04
  5  5.000e+05   -1.500e+03   -3.563e+02   -2.996e+04
  6  6.000e+05    1.500e+03   -8.196e+02    2.996e+04
  7  6.999e+05   -1.500e+03   -2.522e+03   -2.998e+04

Elapsed time = 1.967150e-04 seconds
