0.00
  0  0.000e+00    0.000e+00    0.000e+00    3.000e+04
  1  1.000e+05    0.000e+00    0.000e+00   -3.000e+04
  2  2.000e+05    0.000e+00    0.000e+00    3.000e+04
  3  3.000e+05    0.000e+00    0.000e+00   -3.000e+04
  4  4.000e+05    0.000e+00    0.000e+00    3.000e+04
  5  5.000e+05    0.000e+00    0.000e+00   -3.000e+04
  6  6.000e+05    0.000e+00    0.000e+00    3.000e+04
  7  7.000e+05    0.000e+00    0.000e+00   -3.000e+04
  8  8.000e+05    0.000e+00    0.000e+00    3.000e+04
  9  9.000e+05    0.000e+00    0.000e+00   -3.000e+04
 10  1.000e+06    0.000e+00    0.000e+00    3.000e+04
 11  1.100e+06    0.000e+00    0.000e+00   -3.000e+04
 12  1.200e+06    0.000e+00    0.000e+00    3.000e+04
 13  1.300e+06    0.000e+00    0.000e+00   -3.000e+04
 14  1.400e+06    0.000e+00    0.000e+00    3.000e+04
 15  1.500e+06    0.000e+00    0.000e+00   -3.000e+04
 16  1.600e+06    0.000e+00    0.000e+00    3.000e+04
 17  1.700e+06    0.000e+00    0.000e+00   -3.000e+04
 18  1.800e+06    0.000e+00    0.000e+00    3.000e+04
 19  1.900e+06    0.000e+00    0.000e+00   -3.000e+04
 20  2.000e+06    0.000e+00    0.000e+00    3.000e+04
 21  2.100e+06    0.000e+00    0.000e+00   -3.000e+04
 22  2.200e+06    0.000e+00    0.000e+00    3.000e+04
 23  2.300e+06    0.000e+00    0.000e+00   -3.000e+04
 24  2.400e+06    0.000e+00    0.000e+00    3.000e+04
 25  2.500e+06    0.000e+00    0.000e+00   -3.000e+04
 26  2.600e+06    0.000e+00    0.000e+00    3.000e+04
 27  2.700e+06    0.000e+00    0.000e+00   -3.000e+04
 28  2.800e+06    0.000e+00    0.000e+00    3.000e+04
 29  2.900e+06    0.000e+00    0.000e+00   -3.000e+04
 30  3.000e+06    0.000e+00    0.000e+00    3.000e+04
 31  3.100e+06    0.000e+00    0.000e+00   -3.000e+04
 32  3.200e+06    0.000e+00    0.000e+00    3.000e+04
 33  3.300e+06    0.000e+00    0.000e+00   -3.000e+04
 34  3.400e+06    0.000e+00    0.000e+00    3.000e+04
 35  3.500e+06    0.000e+00    0.000e+00   -3.000e+04
 36  3.600e+06    0.000e+00    0.000e+00    3.000e+04
 37  3.700e+06    0.000e+00    0.000e+00   -3.000e+04
 38  3.800e+06    0.000e+00    0.000e+00    3.000e+04
 39  3.900e+06    0.000e+00    0.000e+00   -3.000e+04
 40  4.000e+06    0.000e+00    0.000e+00    3.000e+04
 41  4.100e+06    0.000e+00    0.000e+00   -3.000e+04
 42  4.200e+06    0.000e+00    0.000e+00    3.000e+04
 43  4.300e+06    0.000e+00    0.000e+00   -3.000e+04
 44  4.400e+06    0.000e+00    0.000e+00    3.000e+04
 45  4.500e+06    0.000e+00    0.000e+00   -3.000e+04
 46  4.600e+06    0.000e+00    0.000e+00    3.000e+04
 47  4.700e+06    0.000e+00    0.000e+00   -3.000e+04
 48  4.800e+06    0.000e+00    0.000e+00    3.000e+04
 49  4.900e+06    0.000e+00    0.000e+00   -3.000e+04
 50  5.000e+06    0.000e+00    0.000e+00    3.000e+04
 51  5.100e+06    0.000e+00    0.000e+00   -3.000e+04
 52  5.200e+06    0.000e+00    0.000e+00    3.000e+04
 53  5.300e+06    0.000e+00    0.000e+00   -3.000e+04
 54  5.400e+06    0.000e+00    0.000e+00    3.000e+04
 55  5.500e+06    0.000e+00    0.000e+00   -3.000e+04
 56  5.600e+06    0.000e+00    0.000e+00    3.000e+04
 57  5.700e+06    0.000e+00    0.000e+00   -3.000e+04
 58  5.800e+06    0.000e+00    0.000e+00    3.000e+04
 59  5.900e+06    0.000e+00    0.000e+00   -3.000e+04
 60  6.000e+06    0.000e+00    0.000e+00    3.000e+04
 61  6.100e+06    0.000e+00    0.000e+00   -3.000e+04
 62  6.200e+06    0.000e+00    0.000e+00    3.000e+04
 63  6.300e+06    0.000e+00    0.000e+00   -3.000e+04
 64  6.400e+06    0.000e+00    0.000e+00    3.000e+04
 65  6.500e+06    0.000e+00    0.000e+00   -3.000e+04
 66  6.600e+06    0.000e+00    0.000e+00    3.000e+04
 67  6.700e+06    0.000e+00    0.000e+00   -3.000e+04
 68  6.800e+06    0.000e+00    0.000e+00    3.000e+04
 69  6.900e+06    0.000e+00    0.000e+00   -3.000e+04
 70  7.000e+06    0.000e+00    0.000e+00    3.000e+04
 71  7.100e+06    0.000e+00    0.000e+00   -3.000e+04
 72  7.200e+06    0.000e+00    0.000e+00    3.000e+04
 73  7.300e+06    0.000e+00    0.000e+00   -3.000e+04
 74  7.400e+06    0.000e+00    0.000e+00    3.000e+04
 75  7.500e+06    0.000e+00    0.000e+00   -3.000e+04
 76  7.600e+06    0.000e+00    0.000e+00    3.000e+04
 77  7.700e+06    0.000e+00    0.000e+00   -3.000e+04
 78  7.800e+06    0.000e+00    0.000e+00    3.000e+04
 79  7.900e+06    0.000e+00    0.000e+00   -3.000e+04
 80  8.000e+06    0.000e+00    0.000e+00    3.000e+04
 81  8.100e+06    0.000e+00    0.000e+00   -3.000e+04
 82  8.200e+06    0.000e+00    0.000e+00    3.000e+04
 83  8.300e+06    0.000e+00    0.000e+00   -3.000e+04
 84  8.400e+06    0.000e+00    0.000e+00    3.000e+04
 85  8.500e+06    0.000e+00    0.000e+00   -3.000e+04
 86  8.600e+06    0.000e+00    0.000e+00    3.000e+04
 87  8.700e+06    0.000e+00    0.000e+00   -3.000e+04
 88  8.800e+06    0.000e+00    0.000e+00    3.000e+04
 89  8.900e+06    0.000e+00    0.000e+00   -3.000e+04
 90  9.000e+06    0.000e+00    0.000e+00    3.000e+04
 91  9.100e+06    0.000e+00    0.000e+00   -3.000e+04
 92  9.200e+06    0.000e+00    0.000e+00    3.000e+04
 93  9.300e+06    0.000e+00    0.000e+00   -3.000e+04
 94  9.400e+06    0.000e+00    0.000e+00    3.000e+04
 95  9.500e+06    0.000e+00    0.000e+00   -3.000e+04
 96  9.600e+06    0.000e+00    0.000e+00    3.000e+04
 97  9.700e+06    0.000e+00    0.000e+00   -3.000e+04
 98  9.800e+06    0.000e+00    0.000e+00    3.000e+04
 99  9.900e+06    0.000e+00    0.000e+00   -3.000e+04

0.10
  0  2.454e+02    2.997e+03    5.453e+03    2.991e+04
  1  1.001e+05   -2.995e+03    2.116e+03   -2.982e+04
  2  2.001e+05    2.995e+03    1.283e+03    2.982e+04
  3  3.000e+05   -2.995e+03    9.121e+02   -2.981e+04
  4  4.000e+05    2.995e+03    7.033e+02    2.981e+04
  5  5.000e+05   -2.995e+03    5.696e+02   -2.981e+04
  6  6.000e+05    2.995e+03    4.765e+02    2.981e+04
  7  7.000e+05   -2.995e+03    4.081e+02   -2.981e+04
  8  8.000e+05    2.995e+03    3.556e+02    2.981e+04
  9  9.000e+05   -2.995e+03    3.140e+02   -2.981e+04
 10  1.000e+06    2.995e+03    2.802e+02    2.981e+04
 11  1.100e+06   -2.995e+03    2.522e+02   -2.981e+04
 12  1.200e+06    2.995e+03    2.286e+02    2.981e+04
 13  1.300e+06   -2.995e+03    2.085e+02   -2.981e+04
 14  1.400e+06    2.995e+03    1.910e+02    2.981e+04
 15  1.500e+06   -2.995e+03    1.757e+02   -2.981e+04
 16  1.600e+06    2.995e+03    1.622e+02    2.981e+04
 17  1.700e+06   -2.995e+03    1.502e+02   -2.981e+04
 18  1.800e+06    2.995e+03    1.394e+02    2.981e+04
 19  1.900e+06   -2.995e+03    1.296e+02   -2.981e+04
 20  2.000e+06    2.995e+03    1.208e+02    2.981e+04
 21  2.100e+06   -2.995e+03    1.127e+02   -2.981e+04
 22  2.200e+06    2.995e+03    1.052e+02    2.981e+04
 23  2.300e+06   -2.995e+03    9.834e+01   -2.981e+04
 24  2.400e+06    2.995e+03    9.197e+01    2.981e+04
 25  2.500e+06   -2.995e+03    8.604e+01   -2.981e+04
 26  2.600e+06    2.995e+03    8.050e+01    2.981e+04
 27  2.700e+06   -2.995e+03    7.529e+01   -2.981e+04
 28  2.800e+06    2.995e+03    7.039e+01    2.981e+04
 29  2.900e+06   -2.995e+03    6.576e+01   -2.981e+04
 30  3.000e+06    2.995e+03    6.138e+01    2.981e+04
 31  3.100e+06   -2.995e+03    5.720e+01   -2.981e+04
 32  3.200e+06    2.995e+03    5.322e+01    2.981e+04
 33  3.300e+06   -2.995e+03    4.942e+01   -2.981e+04
 34  3.400e+06    2.995e+03    4.576e+01    2.981e+04
 35  3.500e+06   -2.995e+03    4.225e+01   -2.981e+04
 36  3.600e+06    2.995e+03    3.886e+01    2.981e+04
 37  3.700e+06   -2.995e+03    3.558e+01   -2.981e+04
 38  3.800e+06    2.995e+03    3.241e+01    2.981e+04
 39  3.900e+06   -2.995e+03    2.932e+01   -2.981e+04
 40  4.000e+06    2.995e+03    2.630e+01    2.981e+04
 41  4.100e+06   -2.995e+03    2.336e+01   -2.981e+04
 42  4.200e+06    2.995e+03    2.048e+01    2.981e+04
 43  4.300e+06   -2.995e+03    1.765e+01   -2.981e+04
 44  4.400e+06    2.995e+03    1.486e+01    2.981e+04
 45  4.500e+06   -2.995e+03    1.211e+01   -2.981e+04
 46  4.600e+06    2.995e+03    9.387e+00    2.981e+04
 47  4.700e+06   -2.995e+03    6.689e+00   -2.981e+04
 48  4.800e+06    2.995e+03    4.007e+00    2.981e+04
 49  4.900e+06   -2.995e+03    1.335e+00   -2.981e+04
 50  5.000e+06    2.995e+03   -1.335e+00    2.981e+04
 51  5.100e+06   -2.995e+03   -4.007e+00   -2.981e+04
 52  5.200e+06    2.995e+03   -6.689e+00    2.981e+04
 53  5.300e+06   -2.995e+03   -9.387e+00   -2.981e+04
 54  5.400e+06    2.995e+03   -1.211e+01    2.981e+04
 55  5.500e+06   -2.995e+03   -1.486e+01   -2.981e+04
 56  5.600e+06    2.995e+03   -1.765e+01    2.981e+04
 57  5.700e+06   -2.995e+03   -2.048e+01   -2.981e+04
 58  5.800e+06    2.995e+03   -2.336e+01    2.981e+04
 59  5.900e+06   -2.995e+03   -2.630e+01   -2.981e+04
 60  6.000e+06    2.995e+03   -2.932e+01    2.981e+04
 61  6.100e+06   -2.995e+03   -3.241e+01   -2.981e+04
 62  6.200e+06    2.995e+03   -3.558e+01    2.981e+04
 63  6.300e+06   -2.995e+03   -3.886e+01   -2.981e+04
 64  6.400e+06    2.995e+03   -4.225e+01    2.981e+04
 65  6.500e+06   -2.995e+03   -4.576e+01   -2.981e+04
 66  6.600e+06    2.995e+03   -4.942e+01    2.981e+04
 67  6.700e+06   -2.995e+03   -5.322e+01   -2.981e+04
 68  6.800e+06    2.995e+03   -5.720e+01    2.981e+04
 69  6.900e+06   -2.995e+03   -6.138e+01   -2.981e+04
 70  7.000e+06    2.995e+03   -6.576e+01    2.981e+04
 71  7.100e+06   -2.995e+03   -7.039e+01   -2.981e+04
 72  7.200e+06    2.995e+03   -7.529e+01    2.981e+04
 73  7.300e+06   -2.995e+03   -8.050e+01   -2.981e+04
 74  7.400e+06    2.995e+03   -8.604e+01    2.981e+04
 75  7.500e+06   -2.995e+03   -9.197e+01   -2.981e+04
 76  7.600e+06    2.995e+03   -9.834e+01    2.981e+04
 77  7.700e+06   -2.995e+03   -1.052e+02   -2.981e+04
 78  7.800e+06    2.995e+03   -1.127e+02    2.981e+04
 79  7.900e+06   -2.995e+03   -1.208e+02   -2.981e+04
 80  8.000e+06    2.995e+03   -1.296e+02    2.981e+04
 81  8.100e+06   -2.995e+03   -1.394e+02   -2.981e+04
 82  8.200e+06    2.995e+03   -1.502e+02    2.981e+04
 83  8.300e+06   -2.995e+03   -1.622e+02   -2.981e+04
 84  8.400e+06    2.995e+03   -1.757e+02    2.981e+04
 85  8.500e+06   -2.995e+03   -1.910e+02   -2.981e+04
 86  8.600e+06    2.995e+03   -2.085e+02    2.981e+04
 87  8.700e+06   -2.995e+03   -2.286e+02   -2.981e+04
 88  8.800e+06    2.995e+03   -2.522e+02    2.981e+04
 89  8.900e+06   -2.995e+03   -2.802e+02   -2.981e+04
 90  9.000e+06    2.995e+03   -3.140e+02    2.981e+04
 91  9.100e+06   -2.995e+03   -3.556e+02   -2.981e+04
 92  9.200e+06    2.995e+03   -4.081e+02    2.981e+04
 93  9.300e+06   -2.995e+03   -4.765e+02   -2.981e+04
 94  9.400e+06    2.995e+03   -5.696e+02    2.981e+04
 95  9.500e+06   -2.995e+03   -7.033e+02   -2.981e+04
 96  9.600e+06    2.995e+03   -9.121e+02    2.981e+04
 97  9.700e+06   -2.995e+03   -1.283e+03   -2.982e+04
 98  9.800e+06    2.995e+03   -2.116e+03    2.982e+04
 99  9.900e+06   -2.997e+03   -5.453e+03   -2.991e+04

Elapsed time = 3.027948e-03 seconds
